2026-09-11 14:53:54 | INFO     | instabot | Bot ishga tushmoqda...
2026-09-11 14:53:54 | INFO     | instabot | Soatlik avtomatik xabar tizimi ishga tushdi.
2026-09-11 14:54:50 | INFO     | instabot | Bot to'xtatildi.
2026-09-11 14:54:50 | INFO     | instabot | Bot foydalanuvchi tomonidan to'xtatildi (Ctrl+C).
2026-09-11 14:56:05 | INFO     | instabot | Bot ishga tushmoqda...
2026-09-11 14:56:05 | INFO     | instabot | Soatlik avtomatik xabar tizimi ishga tushdi.
2026-09-11 14:56:05 | INFO     | instabot | Foydalanuvchi 7033912501 /start bosdi
2026-09-11 14:56:05 | INFO     | instabot | Foydalanuvchi 7033912501 /start bosdi
2026-09-11 15:03:16 | INFO     | instabot | Foydalanuvchi 7033912501 /start bosdi
2026-09-11 15:03:25 | INFO     | instabot | Bot to'xtatildi.
2026-09-11 15:03:25 | INFO     | instabot | Bot foydalanuvchi tomonidan to'xtatildi (Ctrl+C).
2026-09-11 15:04:51 | INFO     | instabot | Bot ishga tushmoqda...
2026-09-11 15:04:51 | INFO     | instabot | Soatlik avtomatik xabar tizimi ishga tushdi.
2026-09-11 15:04:59 | INFO     | instabot | [7033912501] Link (audio) -> https://youtube.com/shorts/uwao-s-WBbM?si=yXn9Ik2vkL9wxe-V
2026-09-11 15:05:00 | WARNING  | instabot | Audio yuklashda urinish 1/3 muvaffaqiyatsiz: [0;31mERROR:[0m [youtube] uwao-s-WBbM: Please sign in
2026-09-11 15:05:04 | WARNING  | instabot | Audio yuklashda urinish 2/3 muvaffaqiyatsiz: [0;31mERROR:[0m [youtube] uwao-s-WBbM: Please sign in
2026-09-11 15:05:10 | WARNING  | instabot | Audio yuklashda urinish 3/3 muvaffaqiyatsiz: [0;31mERROR:[0m [youtube] uwao-s-WBbM: Please sign in
2026-09-11 15:05:10 | ERROR    | instabot | [7033912501] Audio yuklashda xatolik
Traceback (most recent call last):
  File "C:\Users\user\AppData\Local\Programs\Python\Python314\Lib\site-packages\yt_dlp\YoutubeDL.py", line 1626, in wrapper
    return func(self, *args, **kwargs)
  File "C:\Users\user\AppData\Local\Programs\Python\Python314\Lib\site-packages\yt_dlp\YoutubeDL.py", line 1761, in __extract_info
    ie_result = ie.extract(url)
  File "C:\Users\user\AppData\Local\Programs\Python\Python314\Lib\site-packages\yt_dlp\extractor\common.py", line 740, in extract
    ie_result = self._real_extract(url)
  File "C:\Users\user\AppData\Local\Programs\Python\Python314\Lib\site-packages\yt_dlp\extractor\youtube.py", line 4358, in _real_extract
    self.raise_no_formats(reason, expected=True)
    ~~~~~~~~~~~~~~~~~~~~~^^^^^^^^^^^^^^^^^^^^^^^
  File "C:\Users\user\AppData\Local\Programs\Python\Python314\Lib\site-packages\yt_dlp\extractor\common.py", line 1263, in raise_no_formats
    raise ExtractorError(msg, expected=expected, video_id=video_id)
yt_dlp.utils.ExtractorError: [youtube] uwao-s-WBbM: Please sign in

During handling of the above exception, another exception occurred:

Traceback (most recent call last):
  File "C:\Users\user\Downloads\files (7)\bot.py", line 724, in run_link_audio
    title, filepath = await asyncio.to_thread(download_audio_from_url, url, tmp_dir)
                      ^^^^^^^^^^^^^^^^^^^^^^^^^^^^^^^^^^^^^^^^^^^^^^^^^^^^^^^^^^^^^^
  File "C:\Users\user\AppData\Local\Programs\Python\Python314\Lib\asyncio\threads.py", line 25, in to_thread
    return await loop.run_in_executor(None, func_call)
           ^^^^^^^^^^^^^^^^^^^^^^^^^^^^^^^^^^^^^^^^^^^
  File "C:\Users\user\AppData\Local\Programs\Python\Python314\Lib\concurrent\futures\thread.py", line 86, in run
    result = ctx.run(self.task)
  File "C:\Users\user\AppData\Local\Programs\Python\Python314\Lib\concurrent\futures\thread.py", line 73, in run
    return fn(*args, **kwargs)
  File "C:\Users\user\Downloads\files (7)\music.py", line 93, in download_audio_from_url
    raise last_error
  File "C:\Users\user\Downloads\files (7)\music.py", line 80, in download_audio_from_url
    info = ydl.extract_info(url, download=True)
  File "C:\Users\user\AppData\Local\Programs\Python\Python314\Lib\site-packages\yt_dlp\YoutubeDL.py", line 1615, in extract_info
    return self.__extract_info(url, self.get_info_extractor(key), download, extra_info, process)
           ~~~~~~~~~~~~~~~~~~~^^^^^^^^^^^^^^^^^^^^^^^^^^^^^^^^^^^^^^^^^^^^^^^^^^^^^^^^^^^^^^^^^^
  File "C:\Users\user\AppData\Local\Programs\Python\Python314\Lib\site-packages\yt_dlp\YoutubeDL.py", line 1644, in wrapper
    self.report_error(str(e), e.format_traceback())
    ~~~~~~~~~~~~~~~~~^^^^^^^^^^^^^^^^^^^^^^^^^^^^^^
  File "C:\Users\user\AppData\Local\Programs\Python\Python314\Lib\site-packages\yt_dlp\YoutubeDL.py", line 1092, in report_error
    self.trouble(f'{self._format_err("ERROR:", self.Styles.ERROR)} {message}', *args, **kwargs)
    ~~~~~~~~~~~~^^^^^^^^^^^^^^^^^^^^^^^^^^^^^^^^^^^^^^^^^^^^^^^^^^^^^^^^^^^^^^^^^^^^^^^^^^^^^^^
  File "C:\Users\user\AppData\Local\Programs\Python\Python314\Lib\site-packages\yt_dlp\YoutubeDL.py", line 1031, in trouble
    raise DownloadError(message, exc_info)
yt_dlp.utils.DownloadError: [0;31mERROR:[0m [youtube] uwao-s-WBbM: Please sign in
2026-09-11 15:05:20 | INFO     | instabot | [7033912501] YouTube (video) -> https://youtube.com/shorts/uwao-s-WBbM?si=yXn9Ik2vkL9wxe-V
2026-09-11 15:05:22 | WARNING  | instabot | Yuklashda urinish 1/3 muvaffaqiyatsiz: [0;31mERROR:[0m [youtube] uwao-s-WBbM: Please sign in
2026-09-11 15:05:26 | WARNING  | instabot | Yuklashda urinish 2/3 muvaffaqiyatsiz: [0;31mERROR:[0m [youtube] uwao-s-WBbM: Please sign in
2026-09-11 15:05:31 | WARNING  | instabot | Yuklashda urinish 3/3 muvaffaqiyatsiz: [0;31mERROR:[0m [youtube] uwao-s-WBbM: Please sign in
2026-09-11 15:05:31 | INFO     | instabot | [7033912501] Video sifatida yuklanmadi, rasm sifatida urinib ko'ramiz: [0;31mERROR:[0m [youtube] uwao-s-WBbM: Please sign in
2026-09-11 15:05:33 | WARNING  | instabot | Rasm yuklashda urinish 1/3 muvaffaqiyatsiz: [0;31mERROR:[0m [youtube] uwao-s-WBbM: Please sign in
2026-09-11 15:05:36 | WARNING  | instabot | Rasm yuklashda urinish 2/3 muvaffaqiyatsiz: [0;31mERROR:[0m [youtube] uwao-s-WBbM: Please sign in
2026-09-11 15:05:42 | WARNING  | instabot | Rasm yuklashda urinish 3/3 muvaffaqiyatsiz: [0;31mERROR:[0m [youtube] uwao-s-WBbM: Please sign in
2026-09-11 15:05:42 | ERROR    | instabot | [7033912501] Yuklab olishda xatolik
Traceback (most recent call last):
  File "C:\Users\user\AppData\Local\Programs\Python\Python314\Lib\site-packages\yt_dlp\YoutubeDL.py", line 1626, in wrapper
    return func(self, *args, **kwargs)
  File "C:\Users\user\AppData\Local\Programs\Python\Python314\Lib\site-packages\yt_dlp\YoutubeDL.py", line 1761, in __extract_info
    ie_result = ie.extract(url)
  File "C:\Users\user\AppData\Local\Programs\Python\Python314\Lib\site-packages\yt_dlp\extractor\common.py", line 740, in extract
    ie_result = self._real_extract(url)
  File "C:\Users\user\AppData\Local\Programs\Python\Python314\Lib\site-packages\yt_dlp\extractor\youtube.py", line 4358, in _real_extract
    self.raise_no_formats(reason, expected=True)
    ~~~~~~~~~~~~~~~~~~~~~^^^^^^^^^^^^^^^^^^^^^^^
  File "C:\Users\user\AppData\Local\Programs\Python\Python314\Lib\site-packages\yt_dlp\extractor\common.py", line 1263, in raise_no_formats
    raise ExtractorError(msg, expected=expected, video_id=video_id)
yt_dlp.utils.ExtractorError: [youtube] uwao-s-WBbM: Please sign in

During handling of the above exception, another exception occurred:

Traceback (most recent call last):
  File "C:\Users\user\Downloads\files (7)\bot.py", line 646, in run_link_video
    raw_path = await asyncio.to_thread(download_video, url, tmp_dir)
               ^^^^^^^^^^^^^^^^^^^^^^^^^^^^^^^^^^^^^^^^^^^^^^^^^^^^^
  File "C:\Users\user\AppData\Local\Programs\Python\Python314\Lib\asyncio\threads.py", line 25, in to_thread
    return await loop.run_in_executor(None, func_call)
           ^^^^^^^^^^^^^^^^^^^^^^^^^^^^^^^^^^^^^^^^^^^
  File "C:\Users\user\AppData\Local\Programs\Python\Python314\Lib\concurrent\futures\thread.py", line 86, in run
    result = ctx.run(self.task)
  File "C:\Users\user\AppData\Local\Programs\Python\Python314\Lib\concurrent\futures\thread.py", line 73, in run
    return fn(*args, **kwargs)
  File "C:\Users\user\Downloads\files (7)\watermark.py", line 78, in download_video
    raise last_error
  File "C:\Users\user\Downloads\files (7)\watermark.py", line 66, in download_video
    return _download_video_once(url, out_dir)
  File "C:\Users\user\Downloads\files (7)\watermark.py", line 35, in _download_video_once
    info = ydl.extract_info(url, download=False)
  File "C:\Users\user\AppData\Local\Programs\Python\Python314\Lib\site-packages\yt_dlp\YoutubeDL.py", line 1615, in extract_info
    return self.__extract_info(url, self.get_info_extractor(key), download, extra_info, process)
           ~~~~~~~~~~~~~~~~~~~^^^^^^^^^^^^^^^^^^^^^^^^^^^^^^^^^^^^^^^^^^^^^^^^^^^^^^^^^^^^^^^^^^
  File "C:\Users\user\AppData\Local\Programs\Python\Python314\Lib\site-packages\yt_dlp\YoutubeDL.py", line 1644, in wrapper
    self.report_error(str(e), e.format_traceback())
    ~~~~~~~~~~~~~~~~~^^^^^^^^^^^^^^^^^^^^^^^^^^^^^^
  File "C:\Users\user\AppData\Local\Programs\Python\Python314\Lib\site-packages\yt_dlp\YoutubeDL.py", line 1092, in report_error
    self.trouble(f'{self._format_err("ERROR:", self.Styles.ERROR)} {message}', *args, **kwargs)
    ~~~~~~~~~~~~^^^^^^^^^^^^^^^^^^^^^^^^^^^^^^^^^^^^^^^^^^^^^^^^^^^^^^^^^^^^^^^^^^^^^^^^^^^^^^^
  File "C:\Users\user\AppData\Local\Programs\Python\Python314\Lib\site-packages\yt_dlp\YoutubeDL.py", line 1031, in trouble
    raise DownloadError(message, exc_info)
yt_dlp.utils.DownloadError: [0;31mERROR:[0m [youtube] uwao-s-WBbM: Please sign in

During handling of the above exception, another exception occurred:

Traceback (most recent call last):
  File "C:\Users\user\Downloads\files (7)\bot.py", line 656, in run_link_video
    image_raw_path = await asyncio.to_thread(download_image_from_url, url, tmp_dir)
                     ^^^^^^^^^^^^^^^^^^^^^^^^^^^^^^^^^^^^^^^^^^^^^^^^^^^^^^^^^^^^^^
  File "C:\Users\user\AppData\Local\Programs\Python\Python314\Lib\asyncio\threads.py", line 25, in to_thread
    return await loop.run_in_executor(None, func_call)
           ^^^^^^^^^^^^^^^^^^^^^^^^^^^^^^^^^^^^^^^^^^^
  File "C:\Users\user\AppData\Local\Programs\Python\Python314\Lib\concurrent\futures\thread.py", line 86, in run
    result = ctx.run(self.task)
  File "C:\Users\user\AppData\Local\Programs\Python\Python314\Lib\concurrent\futures\thread.py", line 73, in run
    return fn(*args, **kwargs)
  File "C:\Users\user\Downloads\files (7)\image_tools.py", line 112, in download_image_from_url
    raise last_error
  File "C:\Users\user\Downloads\files (7)\image_tools.py", line 98, in download_image_from_url
    info = ydl.extract_info(url, download=True)
  File "C:\Users\user\AppData\Local\Programs\Python\Python314\Lib\site-packages\yt_dlp\YoutubeDL.py", line 1615, in extract_info
    return self.__extract_info(url, self.get_info_extractor(key), download, extra_info, process)
           ~~~~~~~~~~~~~~~~~~~^^^^^^^^^^^^^^^^^^^^^^^^^^^^^^^^^^^^^^^^^^^^^^^^^^^^^^^^^^^^^^^^^^
  File "C:\Users\user\AppData\Local\Programs\Python\Python314\Lib\site-packages\yt_dlp\YoutubeDL.py", line 1644, in wrapper
    self.report_error(str(e), e.format_traceback())
    ~~~~~~~~~~~~~~~~~^^^^^^^^^^^^^^^^^^^^^^^^^^^^^^
  File "C:\Users\user\AppData\Local\Programs\Python\Python314\Lib\site-packages\yt_dlp\YoutubeDL.py", line 1092, in report_error
    self.trouble(f'{self._format_err("ERROR:", self.Styles.ERROR)} {message}', *args, **kwargs)
    ~~~~~~~~~~~~^^^^^^^^^^^^^^^^^^^^^^^^^^^^^^^^^^^^^^^^^^^^^^^^^^^^^^^^^^^^^^^^^^^^^^^^^^^^^^^
  File "C:\Users\user\AppData\Local\Programs\Python\Python314\Lib\site-packages\yt_dlp\YoutubeDL.py", line 1031, in trouble
    raise DownloadError(message, exc_info)
yt_dlp.utils.DownloadError: [0;31mERROR:[0m [youtube] uwao-s-WBbM: Please sign in
2026-09-11 15:05:51 | INFO     | instabot | [7033912501] Instagram (video) -> https://www.instagram.com/reel/DdI7eqQh4j1/?stkn=amJ6ejh5ZHdkNHJz
2026-09-11 15:06:17 | WARNING  | instabot | Yuklashda urinish 1/3 muvaffaqiyatsiz: [0;31mERROR:[0m [Instagram] DdI7eqQh4j1: Requested content is not available, rate-limit reached or login required. Use --cookies, --cookies-from-browser, --username and --password, --netrc-cmd, or --netrc (instagram) to provide account credentials
2026-09-11 15:06:23 | WARNING  | instabot | Yuklashda urinish 2/3 muvaffaqiyatsiz: [0;31mERROR:[0m [Instagram] DdI7eqQh4j1: Requested content is not available, rate-limit reached or login required. Use --cookies, --cookies-from-browser, --username and --password, --netrc-cmd, or --netrc (instagram) to provide account credentials
2026-09-11 15:06:53 | WARNING  | instabot | Yuklashda urinish 3/3 muvaffaqiyatsiz: [0;31mERROR:[0m [Instagram] DdI7eqQh4j1: Requested content is not available, rate-limit reached or login required. Use --cookies, --cookies-from-browser, --username and --password, --netrc-cmd, or --netrc (instagram) to provide account credentials
2026-09-11 15:06:53 | INFO     | instabot | [7033912501] Video sifatida yuklanmadi, rasm sifatida urinib ko'ramiz: [0;31mERROR:[0m [Instagram] DdI7eqQh4j1: Requested content is not available, rate-limit reached or login required. Use --cookies, --cookies-from-browser, --username and --password, --netrc-cmd, or --netrc (instagram) to provide account credentials
2026-09-11 15:07:03 | WARNING  | instabot | Rasm yuklashda urinish 1/3 muvaffaqiyatsiz: [0;31mERROR:[0m [Instagram] DdI7eqQh4j1: Requested content is not available, rate-limit reached or login required. Use --cookies, --cookies-from-browser, --username and --password, --netrc-cmd, or --netrc (instagram) to provide account credentials
2026-09-11 15:07:12 | WARNING  | instabot | Rasm yuklashda urinish 2/3 muvaffaqiyatsiz: [0;31mERROR:[0m [Instagram] DdI7eqQh4j1: Requested content is not available, rate-limit reached or login required. Use --cookies, --cookies-from-browser, --username and --password, --netrc-cmd, or --netrc (instagram) to provide account credentials
2026-09-11 15:07:20 | WARNING  | instabot | Rasm yuklashda urinish 3/3 muvaffaqiyatsiz: [0;31mERROR:[0m [Instagram] DdI7eqQh4j1: Requested content is not available, rate-limit reached or login required. Use --cookies, --cookies-from-browser, --username and --password, --netrc-cmd, or --netrc (instagram) to provide account credentials
2026-09-11 15:07:20 | ERROR    | instabot | [7033912501] Yuklab olishda xatolik
Traceback (most recent call last):
  File "C:\Users\user\AppData\Local\Programs\Python\Python314\Lib\site-packages\yt_dlp\YoutubeDL.py", line 1626, in wrapper
    return func(self, *args, **kwargs)
  File "C:\Users\user\AppData\Local\Programs\Python\Python314\Lib\site-packages\yt_dlp\YoutubeDL.py", line 1761, in __extract_info
    ie_result = ie.extract(url)
  File "C:\Users\user\AppData\Local\Programs\Python\Python314\Lib\site-packages\yt_dlp\extractor\common.py", line 740, in extract
    ie_result = self._real_extract(url)
  File "C:\Users\user\AppData\Local\Programs\Python\Python314\Lib\site-packages\yt_dlp\extractor\instagram.py", line 460, in _real_extract
    self.raise_login_required('Requested content is not available, rate-limit reached or login required')
    ~~~~~~~~~~~~~~~~~~~~~~~~~^^^^^^^^^^^^^^^^^^^^^^^^^^^^^^^^^^^^^^^^^^^^^^^^^^^^^^^^^^^^^^^^^^^^^^^^^^^^
  File "C:\Users\user\AppData\Local\Programs\Python\Python314\Lib\site-packages\yt_dlp\extractor\common.py", line 1245, in raise_login_required
    raise ExtractorError(msg, expected=True)
yt_dlp.utils.ExtractorError: [Instagram] DdI7eqQh4j1: Requested content is not available, rate-limit reached or login required. Use --cookies, --cookies-from-browser, --username and --password, --netrc-cmd, or --netrc (instagram) to provide account credentials

During handling of the above exception, another exception occurred:

Traceback (most recent call last):
  File "C:\Users\user\Downloads\files (7)\bot.py", line 646, in run_link_video
    raw_path = await asyncio.to_thread(download_video, url, tmp_dir)
               ^^^^^^^^^^^^^^^^^^^^^^^^^^^^^^^^^^^^^^^^^^^^^^^^^^^^^
  File "C:\Users\user\AppData\Local\Programs\Python\Python314\Lib\asyncio\threads.py", line 25, in to_thread
    return await loop.run_in_executor(None, func_call)
           ^^^^^^^^^^^^^^^^^^^^^^^^^^^^^^^^^^^^^^^^^^^
  File "C:\Users\user\AppData\Local\Programs\Python\Python314\Lib\concurrent\futures\thread.py", line 86, in run
    result = ctx.run(self.task)
  File "C:\Users\user\AppData\Local\Programs\Python\Python314\Lib\concurrent\futures\thread.py", line 73, in run
    return fn(*args, **kwargs)
  File "C:\Users\user\Downloads\files (7)\watermark.py", line 78, in download_video
    raise last_error
  File "C:\Users\user\Downloads\files (7)\watermark.py", line 66, in download_video
    return _download_video_once(url, out_dir)
  File "C:\Users\user\Downloads\files (7)\watermark.py", line 35, in _download_video_once
    info = ydl.extract_info(url, download=False)
  File "C:\Users\user\AppData\Local\Programs\Python\Python314\Lib\site-packages\yt_dlp\YoutubeDL.py", line 1615, in extract_info
    return self.__extract_info(url, self.get_info_extractor(key), download, extra_info, process)
           ~~~~~~~~~~~~~~~~~~~^^^^^^^^^^^^^^^^^^^^^^^^^^^^^^^^^^^^^^^^^^^^^^^^^^^^^^^^^^^^^^^^^^
  File "C:\Users\user\AppData\Local\Programs\Python\Python314\Lib\site-packages\yt_dlp\YoutubeDL.py", line 1644, in wrapper
    self.report_error(str(e), e.format_traceback())
    ~~~~~~~~~~~~~~~~~^^^^^^^^^^^^^^^^^^^^^^^^^^^^^^
  File "C:\Users\user\AppData\Local\Programs\Python\Python314\Lib\site-packages\yt_dlp\YoutubeDL.py", line 1092, in report_error
    self.trouble(f'{self._format_err("ERROR:", self.Styles.ERROR)} {message}', *args, **kwargs)
    ~~~~~~~~~~~~^^^^^^^^^^^^^^^^^^^^^^^^^^^^^^^^^^^^^^^^^^^^^^^^^^^^^^^^^^^^^^^^^^^^^^^^^^^^^^^
  File "C:\Users\user\AppData\Local\Programs\Python\Python314\Lib\site-packages\yt_dlp\YoutubeDL.py", line 1031, in trouble
    raise DownloadError(message, exc_info)
yt_dlp.utils.DownloadError: [0;31mERROR:[0m [Instagram] DdI7eqQh4j1: Requested content is not available, rate-limit reached or login required. Use --cookies, --cookies-from-browser, --username and --password, --netrc-cmd, or --netrc (instagram) to provide account credentials

During handling of the above exception, another exception occurred:

Traceback (most recent call last):
  File "C:\Users\user\Downloads\files (7)\bot.py", line 656, in run_link_video
    image_raw_path = await asyncio.to_thread(download_image_from_url, url, tmp_dir)
                     ^^^^^^^^^^^^^^^^^^^^^^^^^^^^^^^^^^^^^^^^^^^^^^^^^^^^^^^^^^^^^^
  File "C:\Users\user\AppData\Local\Programs\Python\Python314\Lib\asyncio\threads.py", line 25, in to_thread
    return await loop.run_in_executor(None, func_call)
           ^^^^^^^^^^^^^^^^^^^^^^^^^^^^^^^^^^^^^^^^^^^
  File "C:\Users\user\AppData\Local\Programs\Python\Python314\Lib\concurrent\futures\thread.py", line 86, in run
    result = ctx.run(self.task)
  File "C:\Users\user\AppData\Local\Programs\Python\Python314\Lib\concurrent\futures\thread.py", line 73, in run
    return fn(*args, **kwargs)
  File "C:\Users\user\Downloads\files (7)\image_tools.py", line 112, in download_image_from_url
    raise last_error
  File "C:\Users\user\Downloads\files (7)\image_tools.py", line 98, in download_image_from_url
    info = ydl.extract_info(url, download=True)
  File "C:\Users\user\AppData\Local\Programs\Python\Python314\Lib\site-packages\yt_dlp\YoutubeDL.py", line 1615, in extract_info
    return self.__extract_info(url, self.get_info_extractor(key), download, extra_info, process)
           ~~~~~~~~~~~~~~~~~~~^^^^^^^^^^^^^^^^^^^^^^^^^^^^^^^^^^^^^^^^^^^^^^^^^^^^^^^^^^^^^^^^^^
  File "C:\Users\user\AppData\Local\Programs\Python\Python314\Lib\site-packages\yt_dlp\YoutubeDL.py", line 1644, in wrapper
    self.report_error(str(e), e.format_traceback())
    ~~~~~~~~~~~~~~~~~^^^^^^^^^^^^^^^^^^^^^^^^^^^^^^
  File "C:\Users\user\AppData\Local\Programs\Python\Python314\Lib\site-packages\yt_dlp\YoutubeDL.py", line 1092, in report_error
    self.trouble(f'{self._format_err("ERROR:", self.Styles.ERROR)} {message}', *args, **kwargs)
    ~~~~~~~~~~~~^^^^^^^^^^^^^^^^^^^^^^^^^^^^^^^^^^^^^^^^^^^^^^^^^^^^^^^^^^^^^^^^^^^^^^^^^^^^^^^
  File "C:\Users\user\AppData\Local\Programs\Python\Python314\Lib\site-packages\yt_dlp\YoutubeDL.py", line 1031, in trouble
    raise DownloadError(message, exc_info)
yt_dlp.utils.DownloadError: [0;31mERROR:[0m [Instagram] DdI7eqQh4j1: Requested content is not available, rate-limit reached or login required. Use --cookies, --cookies-from-browser, --username and --password, --netrc-cmd, or --netrc (instagram) to provide account credentials
2026-09-11 15:07:30 | INFO     | instabot | Foydalanuvchi 7940292393 /start bosdi
2026-09-11 15:07:56 | INFO     | instabot | [7940292393] Link (audio) -> https://www.instagram.com/reel/DcgcXbSMLhN/?igsi=cWtpeG02eDR2anFy
2026-09-11 15:08:02 | WARNING  | instabot | Audio yuklashda urinish 1/3 muvaffaqiyatsiz: [0;31mERROR:[0m [Instagram] DcgcXbSMLhN: Requested content is not available, rate-limit reached or login required. Use --cookies, --cookies-from-browser, --username and --password, --netrc-cmd, or --netrc (instagram) to provide account credentials
2026-09-11 15:08:22 | WARNING  | instabot | Audio yuklashda urinish 2/3 muvaffaqiyatsiz: [0;31mERROR:[0m [Instagram] DcgcXbSMLhN: Requested content is not available, rate-limit reached or login required. Use --cookies, --cookies-from-browser, --username and --password, --netrc-cmd, or --netrc (instagram) to provide account credentials
2026-09-11 15:08:36 | WARNING  | instabot | Audio yuklashda urinish 3/3 muvaffaqiyatsiz: [0;31mERROR:[0m [Instagram] DcgcXbSMLhN: Requested content is not available, rate-limit reached or login required. Use --cookies, --cookies-from-browser, --username and --password, --netrc-cmd, or --netrc (instagram) to provide account credentials
2026-09-11 15:08:36 | ERROR    | instabot | [7940292393] Audio yuklashda xatolik
Traceback (most recent call last):
  File "C:\Users\user\AppData\Local\Programs\Python\Python314\Lib\site-packages\yt_dlp\YoutubeDL.py", line 1626, in wrapper
    return func(self, *args, **kwargs)
  File "C:\Users\user\AppData\Local\Programs\Python\Python314\Lib\site-packages\yt_dlp\YoutubeDL.py", line 1761, in __extract_info
    ie_result = ie.extract(url)
  File "C:\Users\user\AppData\Local\Programs\Python\Python314\Lib\site-packages\yt_dlp\extractor\common.py", line 740, in extract
    ie_result = self._real_extract(url)
  File "C:\Users\user\AppData\Local\Programs\Python\Python314\Lib\site-packages\yt_dlp\extractor\instagram.py", line 460, in _real_extract
    self.raise_login_required('Requested content is not available, rate-limit reached or login required')
    ~~~~~~~~~~~~~~~~~~~~~~~~~^^^^^^^^^^^^^^^^^^^^^^^^^^^^^^^^^^^^^^^^^^^^^^^^^^^^^^^^^^^^^^^^^^^^^^^^^^^^
  File "C:\Users\user\AppData\Local\Programs\Python\Python314\Lib\site-packages\yt_dlp\extractor\common.py", line 1245, in raise_login_required
    raise ExtractorError(msg, expected=True)
yt_dlp.utils.ExtractorError: [Instagram] DcgcXbSMLhN: Requested content is not available, rate-limit reached or login required. Use --cookies, --cookies-from-browser, --username and --password, --netrc-cmd, or --netrc (instagram) to provide account credentials

During handling of the above exception, another exception occurred:

Traceback (most recent call last):
  File "C:\Users\user\Downloads\files (7)\bot.py", line 724, in run_link_audio
    title, filepath = await asyncio.to_thread(download_audio_from_url, url, tmp_dir)
                      ^^^^^^^^^^^^^^^^^^^^^^^^^^^^^^^^^^^^^^^^^^^^^^^^^^^^^^^^^^^^^^
  File "C:\Users\user\AppData\Local\Programs\Python\Python314\Lib\asyncio\threads.py", line 25, in to_thread
    return await loop.run_in_executor(None, func_call)
           ^^^^^^^^^^^^^^^^^^^^^^^^^^^^^^^^^^^^^^^^^^^
  File "C:\Users\user\AppData\Local\Programs\Python\Python314\Lib\concurrent\futures\thread.py", line 86, in run
    result = ctx.run(self.task)
  File "C:\Users\user\AppData\Local\Programs\Python\Python314\Lib\concurrent\futures\thread.py", line 73, in run
    return fn(*args, **kwargs)
  File "C:\Users\user\Downloads\files (7)\music.py", line 93, in download_audio_from_url
    raise last_error
  File "C:\Users\user\Downloads\files (7)\music.py", line 80, in download_audio_from_url
    info = ydl.extract_info(url, download=True)
  File "C:\Users\user\AppData\Local\Programs\Python\Python314\Lib\site-packages\yt_dlp\YoutubeDL.py", line 1615, in extract_info
    return self.__extract_info(url, self.get_info_extractor(key), download, extra_info, process)
           ~~~~~~~~~~~~~~~~~~~^^^^^^^^^^^^^^^^^^^^^^^^^^^^^^^^^^^^^^^^^^^^^^^^^^^^^^^^^^^^^^^^^^
  File "C:\Users\user\AppData\Local\Programs\Python\Python314\Lib\site-packages\yt_dlp\YoutubeDL.py", line 1644, in wrapper
    self.report_error(str(e), e.format_traceback())
    ~~~~~~~~~~~~~~~~~^^^^^^^^^^^^^^^^^^^^^^^^^^^^^^
  File "C:\Users\user\AppData\Local\Programs\Python\Python314\Lib\site-packages\yt_dlp\YoutubeDL.py", line 1092, in report_error
    self.trouble(f'{self._format_err("ERROR:", self.Styles.ERROR)} {message}', *args, **kwargs)
    ~~~~~~~~~~~~^^^^^^^^^^^^^^^^^^^^^^^^^^^^^^^^^^^^^^^^^^^^^^^^^^^^^^^^^^^^^^^^^^^^^^^^^^^^^^^
  File "C:\Users\user\AppData\Local\Programs\Python\Python314\Lib\site-packages\yt_dlp\YoutubeDL.py", line 1031, in trouble
    raise DownloadError(message, exc_info)
yt_dlp.utils.DownloadError: [0;31mERROR:[0m [Instagram] DcgcXbSMLhN: Requested content is not available, rate-limit reached or login required. Use --cookies, --cookies-from-browser, --username and --password, --netrc-cmd, or --netrc (instagram) to provide account credentials
2026-09-11 15:09:27 | INFO     | instabot | Foydalanuvchi 7940292393 /start bosdi
2026-09-11 15:10:22 | INFO     | instabot | Foydalanuvchi 7940292393 /start bosdi
2026-09-11 15:10:37 | INFO     | instabot | [7940292393] Instagram (video) -> https://www.instagram.com/reel/DcgcXbSMLhN/?igsi=cWtpeG02eDR2anFy
2026-09-11 15:10:41 | WARNING  | instabot | Yuklashda urinish 1/3 muvaffaqiyatsiz: [0;31mERROR:[0m [Instagram] DcgcXbSMLhN: Requested content is not available, rate-limit reached or login required. Use --cookies, --cookies-from-browser, --username and --password, --netrc-cmd, or --netrc (instagram) to provide account credentials
2026-09-11 15:10:54 | WARNING  | instabot | Yuklashda urinish 2/3 muvaffaqiyatsiz: [0;31mERROR:[0m [Instagram] DcgcXbSMLhN: Requested content is not available, rate-limit reached or login required. Use --cookies, --cookies-from-browser, --username and --password, --netrc-cmd, or --netrc (instagram) to provide account credentials
2026-09-11 15:11:13 | WARNING  | instabot | Yuklashda urinish 3/3 muvaffaqiyatsiz: [0;31mERROR:[0m [Instagram] DcgcXbSMLhN: Requested content is not available, rate-limit reached or login required. Use --cookies, --cookies-from-browser, --username and --password, --netrc-cmd, or --netrc (instagram) to provide account credentials
2026-09-11 15:11:13 | INFO     | instabot | [7940292393] Video sifatida yuklanmadi, rasm sifatida urinib ko'ramiz: [0;31mERROR:[0m [Instagram] DcgcXbSMLhN: Requested content is not available, rate-limit reached or login required. Use --cookies, --cookies-from-browser, --username and --password, --netrc-cmd, or --netrc (instagram) to provide account credentials
2026-09-11 15:11:26 | WARNING  | instabot | Rasm yuklashda urinish 1/3 muvaffaqiyatsiz: [0;31mERROR:[0m [Instagram] DcgcXbSMLhN: Requested content is not available, rate-limit reached or login required. Use --cookies, --cookies-from-browser, --username and --password, --netrc-cmd, or --netrc (instagram) to provide account credentials
2026-09-11 15:11:32 | WARNING  | instabot | Rasm yuklashda urinish 2/3 muvaffaqiyatsiz: [0;31mERROR:[0m [Instagram] DcgcXbSMLhN: Requested content is not available, rate-limit reached or login required. Use --cookies, --cookies-from-browser, --username and --password, --netrc-cmd, or --netrc (instagram) to provide account credentials
2026-09-11 15:12:00 | WARNING  | instabot | Rasm yuklashda urinish 3/3 muvaffaqiyatsiz: [0;31mERROR:[0m [Instagram] DcgcXbSMLhN: Requested content is not available, rate-limit reached or login required. Use --cookies, --cookies-from-browser, --username and --password, --netrc-cmd, or --netrc (instagram) to provide account credentials
2026-09-11 15:12:00 | ERROR    | instabot | [7940292393] Yuklab olishda xatolik
Traceback (most recent call last):
  File "C:\Users\user\AppData\Local\Programs\Python\Python314\Lib\site-packages\yt_dlp\YoutubeDL.py", line 1626, in wrapper
    return func(self, *args, **kwargs)
  File "C:\Users\user\AppData\Local\Programs\Python\Python314\Lib\site-packages\yt_dlp\YoutubeDL.py", line 1761, in __extract_info
    ie_result = ie.extract(url)
  File "C:\Users\user\AppData\Local\Programs\Python\Python314\Lib\site-packages\yt_dlp\extractor\common.py", line 740, in extract
    ie_result = self._real_extract(url)
  File "C:\Users\user\AppData\Local\Programs\Python\Python314\Lib\site-packages\yt_dlp\extractor\instagram.py", line 460, in _real_extract
    self.raise_login_required('Requested content is not available, rate-limit reached or login required')
    ~~~~~~~~~~~~~~~~~~~~~~~~~^^^^^^^^^^^^^^^^^^^^^^^^^^^^^^^^^^^^^^^^^^^^^^^^^^^^^^^^^^^^^^^^^^^^^^^^^^^^
  File "C:\Users\user\AppData\Local\Programs\Python\Python314\Lib\site-packages\yt_dlp\extractor\common.py", line 1245, in raise_login_required
    raise ExtractorError(msg, expected=True)
yt_dlp.utils.ExtractorError: [Instagram] DcgcXbSMLhN: Requested content is not available, rate-limit reached or login required. Use --cookies, --cookies-from-browser, --username and --password, --netrc-cmd, or --netrc (instagram) to provide account credentials

During handling of the above exception, another exception occurred:

Traceback (most recent call last):
  File "C:\Users\user\Downloads\files (7)\bot.py", line 646, in run_link_video
    raw_path = await asyncio.to_thread(download_video, url, tmp_dir)
               ^^^^^^^^^^^^^^^^^^^^^^^^^^^^^^^^^^^^^^^^^^^^^^^^^^^^^
  File "C:\Users\user\AppData\Local\Programs\Python\Python314\Lib\asyncio\threads.py", line 25, in to_thread
    return await loop.run_in_executor(None, func_call)
           ^^^^^^^^^^^^^^^^^^^^^^^^^^^^^^^^^^^^^^^^^^^
  File "C:\Users\user\AppData\Local\Programs\Python\Python314\Lib\concurrent\futures\thread.py", line 86, in run
    result = ctx.run(self.task)
  File "C:\Users\user\AppData\Local\Programs\Python\Python314\Lib\concurrent\futures\thread.py", line 73, in run
    return fn(*args, **kwargs)
  File "C:\Users\user\Downloads\files (7)\watermark.py", line 78, in download_video
    raise last_error
  File "C:\Users\user\Downloads\files (7)\watermark.py", line 66, in download_video
    return _download_video_once(url, out_dir)
  File "C:\Users\user\Downloads\files (7)\watermark.py", line 35, in _download_video_once
    info = ydl.extract_info(url, download=False)
  File "C:\Users\user\AppData\Local\Programs\Python\Python314\Lib\site-packages\yt_dlp\YoutubeDL.py", line 1615, in extract_info
    return self.__extract_info(url, self.get_info_extractor(key), download, extra_info, process)
           ~~~~~~~~~~~~~~~~~~~^^^^^^^^^^^^^^^^^^^^^^^^^^^^^^^^^^^^^^^^^^^^^^^^^^^^^^^^^^^^^^^^^^
  File "C:\Users\user\AppData\Local\Programs\Python\Python314\Lib\site-packages\yt_dlp\YoutubeDL.py", line 1644, in wrapper
    self.report_error(str(e), e.format_traceback())
    ~~~~~~~~~~~~~~~~~^^^^^^^^^^^^^^^^^^^^^^^^^^^^^^
  File "C:\Users\user\AppData\Local\Programs\Python\Python314\Lib\site-packages\yt_dlp\YoutubeDL.py", line 1092, in report_error
    self.trouble(f'{self._format_err("ERROR:", self.Styles.ERROR)} {message}', *args, **kwargs)
    ~~~~~~~~~~~~^^^^^^^^^^^^^^^^^^^^^^^^^^^^^^^^^^^^^^^^^^^^^^^^^^^^^^^^^^^^^^^^^^^^^^^^^^^^^^^
  File "C:\Users\user\AppData\Local\Programs\Python\Python314\Lib\site-packages\yt_dlp\YoutubeDL.py", line 1031, in trouble
    raise DownloadError(message, exc_info)
yt_dlp.utils.DownloadError: [0;31mERROR:[0m [Instagram] DcgcXbSMLhN: Requested content is not available, rate-limit reached or login required. Use --cookies, --cookies-from-browser, --username and --password, --netrc-cmd, or --netrc (instagram) to provide account credentials

During handling of the above exception, another exception occurred:

Traceback (most recent call last):
  File "C:\Users\user\Downloads\files (7)\bot.py", line 656, in run_link_video
    image_raw_path = await asyncio.to_thread(download_image_from_url, url, tmp_dir)
                     ^^^^^^^^^^^^^^^^^^^^^^^^^^^^^^^^^^^^^^^^^^^^^^^^^^^^^^^^^^^^^^
  File "C:\Users\user\AppData\Local\Programs\Python\Python314\Lib\asyncio\threads.py", line 25, in to_thread
    return await loop.run_in_executor(None, func_call)
           ^^^^^^^^^^^^^^^^^^^^^^^^^^^^^^^^^^^^^^^^^^^
  File "C:\Users\user\AppData\Local\Programs\Python\Python314\Lib\concurrent\futures\thread.py", line 86, in run
    result = ctx.run(self.task)
  File "C:\Users\user\AppData\Local\Programs\Python\Python314\Lib\concurrent\futures\thread.py", line 73, in run
    return fn(*args, **kwargs)
  File "C:\Users\user\Downloads\files (7)\image_tools.py", line 112, in download_image_from_url
    raise last_error
  File "C:\Users\user\Downloads\files (7)\image_tools.py", line 98, in download_image_from_url
    info = ydl.extract_info(url, download=True)
  File "C:\Users\user\AppData\Local\Programs\Python\Python314\Lib\site-packages\yt_dlp\YoutubeDL.py", line 1615, in extract_info
    return self.__extract_info(url, self.get_info_extractor(key), download, extra_info, process)
           ~~~~~~~~~~~~~~~~~~~^^^^^^^^^^^^^^^^^^^^^^^^^^^^^^^^^^^^^^^^^^^^^^^^^^^^^^^^^^^^^^^^^^
  File "C:\Users\user\AppData\Local\Programs\Python\Python314\Lib\site-packages\yt_dlp\YoutubeDL.py", line 1644, in wrapper
    self.report_error(str(e), e.format_traceback())
    ~~~~~~~~~~~~~~~~~^^^^^^^^^^^^^^^^^^^^^^^^^^^^^^
  File "C:\Users\user\AppData\Local\Programs\Python\Python314\Lib\site-packages\yt_dlp\YoutubeDL.py", line 1092, in report_error
    self.trouble(f'{self._format_err("ERROR:", self.Styles.ERROR)} {message}', *args, **kwargs)
    ~~~~~~~~~~~~^^^^^^^^^^^^^^^^^^^^^^^^^^^^^^^^^^^^^^^^^^^^^^^^^^^^^^^^^^^^^^^^^^^^^^^^^^^^^^^
  File "C:\Users\user\AppData\Local\Programs\Python\Python314\Lib\site-packages\yt_dlp\YoutubeDL.py", line 1031, in trouble
    raise DownloadError(message, exc_info)
yt_dlp.utils.DownloadError: [0;31mERROR:[0m [Instagram] DcgcXbSMLhN: Requested content is not available, rate-limit reached or login required. Use --cookies, --cookies-from-browser, --username and --password, --netrc-cmd, or --netrc (instagram) to provide account credentials
2026-09-11 15:19:23 | INFO     | instabot | Bot to'xtatildi.
2026-09-11 15:19:23 | INFO     | instabot | Bot foydalanuvchi tomonidan to'xtatildi (Ctrl+C).
2026-09-11 16:04:16 | INFO     | instabot | Bot ishga tushmoqda...
2026-09-11 16:04:16 | INFO     | instabot | Soatlik avtomatik xabar tizimi ishga tushdi.
2026-09-11 16:04:16 | INFO     | instabot | Foydalanuvchi 7940292393 /start bosdi
2026-09-11 16:04:16 | INFO     | instabot | Foydalanuvchi 8723631524 /start bosdi
2026-09-11 16:04:16 | INFO     | instabot | Foydalanuvchi 8723631524 /start bosdi
2026-09-11 16:04:16 | INFO     | instabot | Foydalanuvchi 8723631524 /start bosdi
2026-09-11 16:05:14 | INFO     | instabot | [8723631524] Instagram (video) -> https://www.instagram.com/reel/DdHPyOaKRmi/?stkn=MXhucmV1ZGxkNHhmMg==
2026-09-11 16:05:18 | WARNING  | instabot | Yuklashda urinish 1/3 muvaffaqiyatsiz: [0;31mERROR:[0m [Instagram] DdHPyOaKRmi: Requested content is not available, rate-limit reached or login required. Use --cookies, --cookies-from-browser, --username and --password, --netrc-cmd, or --netrc (instagram) to provide account credentials
2026-09-11 16:05:26 | WARNING  | instabot | Yuklashda urinish 2/3 muvaffaqiyatsiz: [0;31mERROR:[0m [Instagram] DdHPyOaKRmi: Requested content is not available, rate-limit reached or login required. Use --cookies, --cookies-from-browser, --username and --password, --netrc-cmd, or --netrc (instagram) to provide account credentials
2026-09-11 16:05:35 | WARNING  | instabot | Yuklashda urinish 3/3 muvaffaqiyatsiz: [0;31mERROR:[0m [Instagram] DdHPyOaKRmi: Requested content is not available, rate-limit reached or login required. Use --cookies, --cookies-from-browser, --username and --password, --netrc-cmd, or --netrc (instagram) to provide account credentials
2026-09-11 16:05:35 | INFO     | instabot | [8723631524] Video sifatida yuklanmadi, rasm sifatida urinib ko'ramiz: [0;31mERROR:[0m [Instagram] DdHPyOaKRmi: Requested content is not available, rate-limit reached or login required. Use --cookies, --cookies-from-browser, --username and --password, --netrc-cmd, or --netrc (instagram) to provide account credentials
2026-09-11 16:05:42 | WARNING  | instabot | Rasm yuklashda urinish 1/3 muvaffaqiyatsiz: [0;31mERROR:[0m [Instagram] DdHPyOaKRmi: Requested content is not available, rate-limit reached or login required. Use --cookies, --cookies-from-browser, --username and --password, --netrc-cmd, or --netrc (instagram) to provide account credentials
2026-09-11 16:06:11 | WARNING  | instabot | Rasm yuklashda urinish 2/3 muvaffaqiyatsiz: [0;31mERROR:[0m [Instagram] DdHPyOaKRmi: Requested content is not available, rate-limit reached or login required. Use --cookies, --cookies-from-browser, --username and --password, --netrc-cmd, or --netrc (instagram) to provide account credentials
2026-09-11 16:06:18 | WARNING  | instabot | Rasm yuklashda urinish 3/3 muvaffaqiyatsiz: [0;31mERROR:[0m [Instagram] DdHPyOaKRmi: Requested content is not available, rate-limit reached or login required. Use --cookies, --cookies-from-browser, --username and --password, --netrc-cmd, or --netrc (instagram) to provide account credentials
2026-09-11 16:06:18 | ERROR    | instabot | [8723631524] Yuklab olishda xatolik
Traceback (most recent call last):
  File "C:\Users\user\AppData\Local\Programs\Python\Python314\Lib\site-packages\yt_dlp\YoutubeDL.py", line 1626, in wrapper
    return func(self, *args, **kwargs)
  File "C:\Users\user\AppData\Local\Programs\Python\Python314\Lib\site-packages\yt_dlp\YoutubeDL.py", line 1761, in __extract_info
    ie_result = ie.extract(url)
  File "C:\Users\user\AppData\Local\Programs\Python\Python314\Lib\site-packages\yt_dlp\extractor\common.py", line 740, in extract
    ie_result = self._real_extract(url)
  File "C:\Users\user\AppData\Local\Programs\Python\Python314\Lib\site-packages\yt_dlp\extractor\instagram.py", line 460, in _real_extract
    self.raise_login_required('Requested content is not available, rate-limit reached or login required')
    ~~~~~~~~~~~~~~~~~~~~~~~~~^^^^^^^^^^^^^^^^^^^^^^^^^^^^^^^^^^^^^^^^^^^^^^^^^^^^^^^^^^^^^^^^^^^^^^^^^^^^
  File "C:\Users\user\AppData\Local\Programs\Python\Python314\Lib\site-packages\yt_dlp\extractor\common.py", line 1245, in raise_login_required
    raise ExtractorError(msg, expected=True)
yt_dlp.utils.ExtractorError: [Instagram] DdHPyOaKRmi: Requested content is not available, rate-limit reached or login required. Use --cookies, --cookies-from-browser, --username and --password, --netrc-cmd, or --netrc (instagram) to provide account credentials

During handling of the above exception, another exception occurred:

Traceback (most recent call last):
  File "C:\Users\user\Downloads\files (7)\bot.py", line 646, in run_link_video
    raw_path = await asyncio.to_thread(download_video, url, tmp_dir)
               ^^^^^^^^^^^^^^^^^^^^^^^^^^^^^^^^^^^^^^^^^^^^^^^^^^^^^
  File "C:\Users\user\AppData\Local\Programs\Python\Python314\Lib\asyncio\threads.py", line 25, in to_thread
    return await loop.run_in_executor(None, func_call)
           ^^^^^^^^^^^^^^^^^^^^^^^^^^^^^^^^^^^^^^^^^^^
  File "C:\Users\user\AppData\Local\Programs\Python\Python314\Lib\concurrent\futures\thread.py", line 86, in run
    result = ctx.run(self.task)
  File "C:\Users\user\AppData\Local\Programs\Python\Python314\Lib\concurrent\futures\thread.py", line 73, in run
    return fn(*args, **kwargs)
  File "C:\Users\user\Downloads\files (7)\watermark.py", line 78, in download_video
    raise last_error
  File "C:\Users\user\Downloads\files (7)\watermark.py", line 66, in download_video
    return _download_video_once(url, out_dir)
  File "C:\Users\user\Downloads\files (7)\watermark.py", line 35, in _download_video_once
    info = ydl.extract_info(url, download=False)
  File "C:\Users\user\AppData\Local\Programs\Python\Python314\Lib\site-packages\yt_dlp\YoutubeDL.py", line 1615, in extract_info
    return self.__extract_info(url, self.get_info_extractor(key), download, extra_info, process)
           ~~~~~~~~~~~~~~~~~~~^^^^^^^^^^^^^^^^^^^^^^^^^^^^^^^^^^^^^^^^^^^^^^^^^^^^^^^^^^^^^^^^^^
  File "C:\Users\user\AppData\Local\Programs\Python\Python314\Lib\site-packages\yt_dlp\YoutubeDL.py", line 1644, in wrapper
    self.report_error(str(e), e.format_traceback())
    ~~~~~~~~~~~~~~~~~^^^^^^^^^^^^^^^^^^^^^^^^^^^^^^
  File "C:\Users\user\AppData\Local\Programs\Python\Python314\Lib\site-packages\yt_dlp\YoutubeDL.py", line 1092, in report_error
    self.trouble(f'{self._format_err("ERROR:", self.Styles.ERROR)} {message}', *args, **kwargs)
    ~~~~~~~~~~~~^^^^^^^^^^^^^^^^^^^^^^^^^^^^^^^^^^^^^^^^^^^^^^^^^^^^^^^^^^^^^^^^^^^^^^^^^^^^^^^
  File "C:\Users\user\AppData\Local\Programs\Python\Python314\Lib\site-packages\yt_dlp\YoutubeDL.py", line 1031, in trouble
    raise DownloadError(message, exc_info)
yt_dlp.utils.DownloadError: [0;31mERROR:[0m [Instagram] DdHPyOaKRmi: Requested content is not available, rate-limit reached or login required. Use --cookies, --cookies-from-browser, --username and --password, --netrc-cmd, or --netrc (instagram) to provide account credentials

During handling of the above exception, another exception occurred:

Traceback (most recent call last):
  File "C:\Users\user\Downloads\files (7)\bot.py", line 656, in run_link_video
    image_raw_path = await asyncio.to_thread(download_image_from_url, url, tmp_dir)
                     ^^^^^^^^^^^^^^^^^^^^^^^^^^^^^^^^^^^^^^^^^^^^^^^^^^^^^^^^^^^^^^
  File "C:\Users\user\AppData\Local\Programs\Python\Python314\Lib\asyncio\threads.py", line 25, in to_thread
    return await loop.run_in_executor(None, func_call)
           ^^^^^^^^^^^^^^^^^^^^^^^^^^^^^^^^^^^^^^^^^^^
  File "C:\Users\user\AppData\Local\Programs\Python\Python314\Lib\concurrent\futures\thread.py", line 86, in run
    result = ctx.run(self.task)
  File "C:\Users\user\AppData\Local\Programs\Python\Python314\Lib\concurrent\futures\thread.py", line 73, in run
    return fn(*args, **kwargs)
  File "C:\Users\user\Downloads\files (7)\image_tools.py", line 112, in download_image_from_url
    raise last_error
  File "C:\Users\user\Downloads\files (7)\image_tools.py", line 98, in download_image_from_url
    info = ydl.extract_info(url, download=True)
  File "C:\Users\user\AppData\Local\Programs\Python\Python314\Lib\site-packages\yt_dlp\YoutubeDL.py", line 1615, in extract_info
    return self.__extract_info(url, self.get_info_extractor(key), download, extra_info, process)
           ~~~~~~~~~~~~~~~~~~~^^^^^^^^^^^^^^^^^^^^^^^^^^^^^^^^^^^^^^^^^^^^^^^^^^^^^^^^^^^^^^^^^^
  File "C:\Users\user\AppData\Local\Programs\Python\Python314\Lib\site-packages\yt_dlp\YoutubeDL.py", line 1644, in wrapper
    self.report_error(str(e), e.format_traceback())
    ~~~~~~~~~~~~~~~~~^^^^^^^^^^^^^^^^^^^^^^^^^^^^^^
  File "C:\Users\user\AppData\Local\Programs\Python\Python314\Lib\site-packages\yt_dlp\YoutubeDL.py", line 1092, in report_error
    self.trouble(f'{self._format_err("ERROR:", self.Styles.ERROR)} {message}', *args, **kwargs)
    ~~~~~~~~~~~~^^^^^^^^^^^^^^^^^^^^^^^^^^^^^^^^^^^^^^^^^^^^^^^^^^^^^^^^^^^^^^^^^^^^^^^^^^^^^^^
  File "C:\Users\user\AppData\Local\Programs\Python\Python314\Lib\site-packages\yt_dlp\YoutubeDL.py", line 1031, in trouble
    raise DownloadError(message, exc_info)
yt_dlp.utils.DownloadError: [0;31mERROR:[0m [Instagram] DdHPyOaKRmi: Requested content is not available, rate-limit reached or login required. Use --cookies, --cookies-from-browser, --username and --password, --netrc-cmd, or --netrc (instagram) to provide account credentials
2026-09-11 17:06:11 | INFO     | instabot | Bot ishga tushmoqda...
2026-09-11 17:06:11 | INFO     | instabot | Soatlik avtomatik xabar tizimi ishga tushdi.
2026-09-11 17:06:21 | INFO     | instabot | Foydalanuvchi 7033912501 /start bosdi
2026-09-11 17:45:17 | INFO     | instabot | Bot ishga tushmoqda...
2026-09-11 17:45:17 | INFO     | instabot | Soatlik avtomatik xabar tizimi ishga tushdi.
2026-09-11 17:45:17 | INFO     | instabot | Foydalanuvchi 7033912501 /start bosdi
2026-09-11 17:45:17 | INFO     | instabot | Foydalanuvchi 7033912501 /start bosdi
2026-09-11 17:45:17 | INFO     | instabot | Foydalanuvchi 7033912501 /start bosdi
2026-09-11 17:45:17 | INFO     | instabot | Foydalanuvchi 7033912501 /start bosdi
2026-09-11 17:45:17 | INFO     | instabot | Foydalanuvchi 7033912501 /start bosdi
2026-09-11 17:45:17 | INFO     | instabot | Foydalanuvchi 7033912501 /start bosdi
2026-09-11 17:45:17 | INFO     | instabot | Foydalanuvchi 7033912501 /start bosdi
2026-09-11 17:45:17 | INFO     | instabot | Foydalanuvchi 7033912501 /start bosdi
2026-09-11 17:45:17 | INFO     | instabot | Foydalanuvchi 7033912501 /start bosdi
2026-09-11 17:47:52 | INFO     | instabot | [7033912501] Musiqa qidiruvi: admin
2026-09-11 17:47:56 | WARNING  | instabot | Musiqa qidirishda urinish 1/3 muvaffaqiyatsiz: [0;31mERROR:[0m [youtube] MzX32NDKlvQ: Please sign in
2026-09-11 17:48:00 | WARNING  | instabot | Musiqa qidirishda urinish 2/3 muvaffaqiyatsiz: [0;31mERROR:[0m [youtube] MzX32NDKlvQ: Please sign in
2026-09-11 17:48:06 | WARNING  | instabot | Musiqa qidirishda urinish 3/3 muvaffaqiyatsiz: [0;31mERROR:[0m [youtube] MzX32NDKlvQ: Please sign in
2026-09-11 17:48:06 | ERROR    | instabot | [7033912501] Musiqa qidirishda xatolik
Traceback (most recent call last):
  File "C:\Users\user\AppData\Local\Programs\Python\Python314\Lib\site-packages\yt_dlp\YoutubeDL.py", line 1626, in wrapper
    return func(self, *args, **kwargs)
  File "C:\Users\user\AppData\Local\Programs\Python\Python314\Lib\site-packages\yt_dlp\YoutubeDL.py", line 1761, in __extract_info
    ie_result = ie.extract(url)
  File "C:\Users\user\AppData\Local\Programs\Python\Python314\Lib\site-packages\yt_dlp\extractor\common.py", line 740, in extract
    ie_result = self._real_extract(url)
  File "C:\Users\user\AppData\Local\Programs\Python\Python314\Lib\site-packages\yt_dlp\extractor\youtube.py", line 4358, in _real_extract
    self.raise_no_formats(reason, expected=True)
    ~~~~~~~~~~~~~~~~~~~~~^^^^^^^^^^^^^^^^^^^^^^^
  File "C:\Users\user\AppData\Local\Programs\Python\Python314\Lib\site-packages\yt_dlp\extractor\common.py", line 1263, in raise_no_formats
    raise ExtractorError(msg, expected=expected, video_id=video_id)
yt_dlp.utils.ExtractorError: [youtube] MzX32NDKlvQ: Please sign in

During handling of the above exception, another exception occurred:

Traceback (most recent call last):
  File "C:\Users\user\Downloads\files (7)\bot.py", line 839, in process_music_query
    title, filepath = await asyncio.to_thread(search_and_download_music, query, tmp_dir)
                      ^^^^^^^^^^^^^^^^^^^^^^^^^^^^^^^^^^^^^^^^^^^^^^^^^^^^^^^^^^^^^^^^^^
  File "C:\Users\user\AppData\Local\Programs\Python\Python314\Lib\asyncio\threads.py", line 25, in to_thread
    return await loop.run_in_executor(None, func_call)
           ^^^^^^^^^^^^^^^^^^^^^^^^^^^^^^^^^^^^^^^^^^^
  File "C:\Users\user\AppData\Local\Programs\Python\Python314\Lib\concurrent\futures\thread.py", line 86, in run
    result = ctx.run(self.task)
  File "C:\Users\user\AppData\Local\Programs\Python\Python314\Lib\concurrent\futures\thread.py", line 73, in run
    return fn(*args, **kwargs)
  File "C:\Users\user\Downloads\files (7)\music.py", line 55, in search_and_download_music
    raise last_error
  File "C:\Users\user\Downloads\files (7)\music.py", line 38, in search_and_download_music
    info = ydl.extract_info(query, download=True)
  File "C:\Users\user\AppData\Local\Programs\Python\Python314\Lib\site-packages\yt_dlp\YoutubeDL.py", line 1615, in extract_info
    return self.__extract_info(url, self.get_info_extractor(key), download, extra_info, process)
           ~~~~~~~~~~~~~~~~~~~^^^^^^^^^^^^^^^^^^^^^^^^^^^^^^^^^^^^^^^^^^^^^^^^^^^^^^^^^^^^^^^^^^
  File "C:\Users\user\AppData\Local\Programs\Python\Python314\Lib\site-packages\yt_dlp\YoutubeDL.py", line 1626, in wrapper
    return func(self, *args, **kwargs)
  File "C:\Users\user\AppData\Local\Programs\Python\Python314\Lib\site-packages\yt_dlp\YoutubeDL.py", line 1782, in __extract_info
    return self.process_ie_result(ie_result, download, extra_info)
           ~~~~~~~~~~~~~~~~~~~~~~^^^^^^^^^^^^^^^^^^^^^^^^^^^^^^^^^
  File "C:\Users\user\AppData\Local\Programs\Python\Python314\Lib\site-packages\yt_dlp\YoutubeDL.py", line 1861, in process_ie_result
    return self.extract_info(
           ~~~~~~~~~~~~~~~~~^
        ie_result['url'], download,
        ^^^^^^^^^^^^^^^^^^^^^^^^^^^
        ie_key=ie_result.get('ie_key'),
        ^^^^^^^^^^^^^^^^^^^^^^^^^^^^^^^
        extra_info=extra_info)
        ^^^^^^^^^^^^^^^^^^^^^^
  File "C:\Users\user\AppData\Local\Programs\Python\Python314\Lib\site-packages\yt_dlp\YoutubeDL.py", line 1615, in extract_info
    return self.__extract_info(url, self.get_info_extractor(key), download, extra_info, process)
           ~~~~~~~~~~~~~~~~~~~^^^^^^^^^^^^^^^^^^^^^^^^^^^^^^^^^^^^^^^^^^^^^^^^^^^^^^^^^^^^^^^^^^
  File "C:\Users\user\AppData\Local\Programs\Python\Python314\Lib\site-packages\yt_dlp\YoutubeDL.py", line 1626, in wrapper
    return func(self, *args, **kwargs)
  File "C:\Users\user\AppData\Local\Programs\Python\Python314\Lib\site-packages\yt_dlp\YoutubeDL.py", line 1782, in __extract_info
    return self.process_ie_result(ie_result, download, extra_info)
           ~~~~~~~~~~~~~~~~~~~~~~^^^^^^^^^^^^^^^^^^^^^^^^^^^^^^^^^
  File "C:\Users\user\AppData\Local\Programs\Python\Python314\Lib\site-packages\yt_dlp\YoutubeDL.py", line 1911, in process_ie_result
    return self.__process_playlist(ie_result, download)
           ~~~~~~~~~~~~~~~~~~~~~~~^^^^^^^^^^^^^^^^^^^^^
  File "C:\Users\user\AppData\Local\Programs\Python\Python314\Lib\site-packages\yt_dlp\YoutubeDL.py", line 2058, in __process_playlist
    entry_result = self.__process_iterable_entry(entry, download, collections.ChainMap({
        'playlist_index': playlist_index,
        'playlist_autonumber': i + 1,
    }, extra))
  File "C:\Users\user\AppData\Local\Programs\Python\Python314\Lib\site-packages\yt_dlp\YoutubeDL.py", line 1626, in wrapper
    return func(self, *args, **kwargs)
  File "C:\Users\user\AppData\Local\Programs\Python\Python314\Lib\site-packages\yt_dlp\YoutubeDL.py", line 2090, in __process_iterable_entry
    return self.process_ie_result(
           ~~~~~~~~~~~~~~~~~~~~~~^
        entry, download=download, extra_info=extra_info)
        ^^^^^^^^^^^^^^^^^^^^^^^^^^^^^^^^^^^^^^^^^^^^^^^^
  File "C:\Users\user\AppData\Local\Programs\Python\Python314\Lib\site-packages\yt_dlp\YoutubeDL.py", line 1861, in process_ie_result
    return self.extract_info(
           ~~~~~~~~~~~~~~~~~^
        ie_result['url'], download,
        ^^^^^^^^^^^^^^^^^^^^^^^^^^^
        ie_key=ie_result.get('ie_key'),
        ^^^^^^^^^^^^^^^^^^^^^^^^^^^^^^^
        extra_info=extra_info)
        ^^^^^^^^^^^^^^^^^^^^^^
  File "C:\Users\user\AppData\Local\Programs\Python\Python314\Lib\site-packages\yt_dlp\YoutubeDL.py", line 1615, in extract_info
    return self.__extract_info(url, self.get_info_extractor(key), download, extra_info, process)
           ~~~~~~~~~~~~~~~~~~~^^^^^^^^^^^^^^^^^^^^^^^^^^^^^^^^^^^^^^^^^^^^^^^^^^^^^^^^^^^^^^^^^^
  File "C:\Users\user\AppData\Local\Programs\Python\Python314\Lib\site-packages\yt_dlp\YoutubeDL.py", line 1644, in wrapper
    self.report_error(str(e), e.format_traceback())
    ~~~~~~~~~~~~~~~~~^^^^^^^^^^^^^^^^^^^^^^^^^^^^^^
  File "C:\Users\user\AppData\Local\Programs\Python\Python314\Lib\site-packages\yt_dlp\YoutubeDL.py", line 1092, in report_error
    self.trouble(f'{self._format_err("ERROR:", self.Styles.ERROR)} {message}', *args, **kwargs)
    ~~~~~~~~~~~~^^^^^^^^^^^^^^^^^^^^^^^^^^^^^^^^^^^^^^^^^^^^^^^^^^^^^^^^^^^^^^^^^^^^^^^^^^^^^^^
  File "C:\Users\user\AppData\Local\Programs\Python\Python314\Lib\site-packages\yt_dlp\YoutubeDL.py", line 1031, in trouble
    raise DownloadError(message, exc_info)
yt_dlp.utils.DownloadError: [0;31mERROR:[0m [youtube] MzX32NDKlvQ: Please sign in
2026-09-14 13:17:50 | INFO     | instabot | Bot ishga tushmoqda...
2026-09-14 13:17:50 | INFO     | instabot | Soatlik avtomatik xabar tizimi ishga tushdi.
2026-09-14 13:26:24 | INFO     | instabot | Foydalanuvchi 7033912501 /start bosdi
2026-09-14 13:28:34 | INFO     | instabot | Foydalanuvchi 7033912501 /start bosdi
2026-09-14 14:17:51 | INFO     | instabot | Broadcast xatosi (chat_id=7940292393): Telegram server says - Bad Request: chat not found
2026-09-14 14:17:51 | INFO     | instabot | Broadcast xatosi (chat_id=8723631524): Telegram server says - Bad Request: chat not found
2026-09-14 14:17:51 | INFO     | instabot | Soatlik xabar yuborildi: 1 ta muvaffaqiyatli, 2 ta xato.
